
> vite_react_shadcn_ts@0.0.0 build
> vite build

[36mvite v7.3.1 [32mbuilding client environment for production...[36m[39m
transforming...
node.exe : 
Browserslist: browsers 
data (caniuse-lite) is 
9 months old. Please 
run:
At line:1 char:1
+ & "C:\Program 
Files\nodejs/node.exe" 
"C:\Program 
Files\nodejs/node_mo 
...
+ ~~~~~~~~~~~~~~~~~~~~~
~~~~~~~~~~~~~~~~~~~~~~~
~~~~~~~~~~~~~~~~~~~~~~~
~~
    + CategoryInfo     
         : NotSpecifi  
  ed: (Browserslist:   
  b...ld. Please ru    
n::String) [], Rem    
oteException
    + FullyQualifiedEr 
   rorId : NativeComm  
  andError
 
  npx update-browsersli
st-db@latest
  Why you should do it 
regularly: https://gith
ub.com/browserslist/upd
ate-db#readme
[32mΓ£ô[39m 3013 modules transformed.
rendering chunks...
computing gzip size...
[2mdist/[22m[32mindex.html                                                               [39m[1m[2m     0.78 kB[22m[1m[22m[2m Γöé gzip:   0.42 kB[22m
[2mdist/[22m[32massets/replicate-prediction-regdwzaks5rmc0cs3wsbxd9dem-Bbw9UqC_.jpeg     [39m[1m[2m    43.25 kB[22m[1m[22m
[2mdist/[22m[32massets/replicate-prediction-5nb8ch4pn9rme0cs3vzr57vc4c-xWHNOIuF.jpeg     [39m[1m[2m    78.47 kB[22m[1m[22m
[2mdist/[22m[32massets/harish-rjhpHRR0.jpeg                                              [39m[1m[2m    81.60 kB[22m[1m[22m
[2mdist/[22m[32massets/Harish_resume-CNRW3rvP.pdf                                        [39m[1m[2m    97.29 kB[22m[1m[22m
[2mdist/[22m[32massets/1-CfNh41OJ.png                                                    [39m[1m[2m   151.84 kB[22m[1m[22m
[2mdist/[22m[32massets/image (2)-DfEL9cfz.png                                            [39m[1m[2m   924.99 kB[22m[1m[22m
[2mdist/[22m[32massets/1 (5)-D-H15MKO.png                                                [39m[1m[2m 1,371.95 kB[22m[1m[22m
[2mdist/[22m[32massets/Gemini_Generated_Image_bozvxjbozvxjbozv-BV9LRr3n.png              [39m[1m[2m 1,439.31 kB[22m[1m[22m
[2mdist/[22m[32massets/Gemini_Generated_Image_pwqhytpwqhytpwqh-rEC0OuPV.png              [39m[1m[2m 1,896.74 kB[22m[1m[22m
[2mdist/[22m[32massets/Generated Image November 19_ 2025 - 7_50PM-DVDGb4pJ.png           [39m[1m[2m 1,967.96 kB[22m[1m[22m
[2mdist/[22m[32massets/Generated Image November 17_ 2025 - 7_31PM-CaVfF_PG.png           [39m[1m[2m 2,136.65 kB[22m[1m[22m
[2mdist/[22m[32massets/Generated Image November 19_ 2025 - 8_01PM-Cf_l6seg.png           [39m[1m[2m 2,180.80 kB[22m[1m[22m
[2mdist/[22m[32massets/replicate-prediction-qbptvnytf1rmc0cs2ervg6m9jc-32coYIOh.jpg      [39m[1m[2m 2,220.30 kB[22m[1m[22m
[2mdist/[22m[32massets/Generated Image November 19_ 2025 - 8_02PM-AZBFdYV_.png           [39m[1m[2m 2,248.64 kB[22m[1m[22m
[2mdist/[22m[32massets/Generated Image November 17_ 2025 - 4_34PM (1)-CdtppBCn.png       [39m[1m[2m 2,337.48 kB[22m[1m[22m
[2mdist/[22m[32massets/Generated Image November 19_ 2025 - 7_19PM-9xle4CeI.png           [39m[1m[2m 2,538.02 kB[22m[1m[22m
[2mdist/[22m[32massets/Video 2-Ci5_FCLw.mp4                                              [39m[1m[2m 3,041.49 kB[22m[1m[22m
[2mdist/[22m[32massets/Video 1-DW7bmuE2.mp4                                              [39m[1m[2m 3,055.98 kB[22m[1m[22m
[2mdist/[22m[32massets/Video 3-x2OVfxhj.mp4                                              [39m[1m[2m 3,071.03 kB[22m[1m[22m
[2mdist/[22m[32massets/Profile-SGHqU3Za.png                                              [39m[1m[2m 5,051.47 kB[22m[1m[22m
[2mdist/[22m[32massets/Gemini_Generated_Image_1gd4v21gd4v21gd4-BT9N8j-f.png              [39m[1m[2m 6,585.82 kB[22m[1m[22m
[2mdist/[22m[32massets/Gemini_Generated_Image_8g8to58g8to58g8t-mEZ84KvM.png              [39m[1m[2m 6,832.95 kB[22m[1m[22m
[2mdist/[22m[32massets/Ring Holder Keychain-C_qVPyjN.mp4                                 [39m[1m[2m18,809.49 kB[22m[1m[22m
[2mdist/[22m[32massets/Super you video 2-clXr_WGL.mp4                                    [39m[1m[2m25,899.13 kB[22m[1m[22m
[2mdist/[22m[32massets/Shein video 1-CJYSwTcP.mp4                                        [39m[1m[2m27,444.68 kB[22m[1m[22m
[2mdist/[22m[32massets/24Hours pant video -CN60WseK.mp4                                  [39m[1m[2m36,552.70 kB[22m[1m[22m
[2mdist/[22m[32massets/02 jackets showcase videos final version-WWmeEYJm.mp4             [39m[1m[2m38,153.88 kB[22m[1m[22m
[2mdist/[22m[32massets/Mansa video 2-CIhdWXht.mp4                                        [39m[1m[2m45,815.02 kB[22m[1m[22m
[2mdist/[22m[32massets/Jackets showcase ( black studio bg )-B5SL3f9p.mp4                 [39m[1m[2m46,032.00 kB[22m[1m[22m
[2mdist/[22m[32massets/Fazyo video 2-B_axu_8e.mp4                                        [39m[1m[2m61,709.48 kB[22m[1m[22m
[2mdist/[22m[32massets/Diwali film for celio (without end card voice over)-Bjq6Vv9k.mp4  [39m[1m[2m80,517.37 kB[22m[1m[22m
[2mdist/[22m[32massets/Kalyan Saree Video ( K8582040 _ K8526037 )-DadAbpSR.mp4           [39m[1m[2m84,810.42 kB[22m[1m[22m
[2mdist/[22m[35massets/index-Cabjc4Q9.css                                                [39m[1m[2m    77.44 kB[22m[1m[22m[2m Γöé gzip:  13.00 kB[22m
[2mdist/[22m[36massets/index-DEd1Ac3M.js                                                 [39m[1m[33m 1,453.78 kB[39m[22m[2m Γöé gzip: 418.29 kB[22m
[33m
(!) Some chunks are 
larger than 500 kB 
after minification. 
Consider:
- Using dynamic 
import() to code-split 
the application
- Use build.rollupOptio
ns.output.manualChunks 
to improve chunking: ht
tps://rollupjs.org/conf
iguration-options/#outp
ut-manualchunks
- Adjust chunk size 
limit for this warning 
via build.chunkSizeWarn
ingLimit.[39m
[32mΓ£ô built in 12.25s[39m
